// Vitest Snapshot v1, https://vitest.dev/guide/snapshot.html

exports[`Hello world > first sample test 1`] = `
<div
  data-v-app=""
>
  
  <h1
    data-v-e17ea971=""
  />
  <div
    class="card"
    data-v-e17ea971=""
  >
    <button
      data-v-e17ea971=""
      type="button"
    >
      count is 0
    </button>
    <p
      data-v-e17ea971=""
    >
       Edit 
      <code
        data-v-e17ea971=""
      >
        components/HelloWorld.vue
      </code>
       to test HMR 
    </p>
  </div>
  <p
    data-v-e17ea971=""
  >
     Check out 
    <a
      data-v-e17ea971=""
      href="https://vuejs.org/guide/quick-start.html#local"
      target="_blank"
    >
      create-vue
    </a>
    , the official Vue + Vite starter 
  </p>
  <p
    data-v-e17ea971=""
  >
     Learn more about IDE Support for Vue in the 
    <a
      data-v-e17ea971=""
      href="https://vuejs.org/guide/scaling-up/tooling.html#ide-support"
      target="_blank"
    >
      Vue Docs Scaling up Guide
    </a>
    . 
  </p>
  <p
    class="read-the-docs"
    data-v-e17ea971=""
  >
    Click on the Vite and Vue logos to learn more
  </p>
  
</div>
`;
